// Jest Snapshot v1, https://goo.gl/fbAQLP

exports[`<Location /> render a snapshot of the component 1`] = `
.c0 {
  height: 100vh;
  width: 100%;
  margin: auto;
  padding: 2.5rem;
  background-color: #000;
  display: -webkit-box;
  display: -webkit-flex;
  display: -ms-flexbox;
  display: flex;
  -webkit-flex-direction: column;
  -ms-flex-direction: column;
  flex-direction: column;
}

.c1 {
  width: 100%;
  position: relative;
  display: -webkit-box;
  display: -webkit-flex;
  display: -ms-flexbox;
  display: flex;
  -webkit-box-pack: start;
  -webkit-justify-content: flex-start;
  -ms-flex-pack: start;
  justify-content: flex-start;
  -webkit-align-items: center;
  -webkit-box-align: center;
  -ms-flex-align: center;
  align-items: center;
  -webkit-flex-direction: row;
  -ms-flex-direction: row;
  flex-direction: row;
  gap: 2rem;
  -webkit-flex-wrap: wrap;
  -ms-flex-wrap: wrap;
  flex-wrap: wrap;
}

.c2 {
  width: 100%;
  max-width: 50rem;
  background-color: #1a191c;
  padding: 1rem;
  border-radius: 0.5rem;
  border: solid 0.2rem #ccc;
  font-size: xx-large;
}

.c3 {
  width: 100%;
  max-width: 50rem;
  background-color: #1a191c;
  padding: 2rem 0;
  border-radius: 0.5rem;
  -webkit-transform: scaleY(0) translateY(0.05rem);
  -ms-transform: scaleY(0) translateY(0.05rem);
  transform: scaleY(0) translateY(0.05rem);
  -webkit-transform-origin: top;
  -ms-transform-origin: top;
  transform-origin: top;
  -webkit-transition: -webkit-transform 0.2s ease;
  -webkit-transition: transform 0.2s ease;
  transition: transform 0.2s ease;
  position: absolute;
  top: 7rem;
}

@media (max-width:450px) {
  .c0 {
    height: calc(100vh - calc(100vh - 100%));
  }
}

@media (min-width:768px) and (max-width:1170px) {
  .c0 {
    padding: 2.5 3rem;
  }
}

@media (min-width:1170px) {
  .c0 {
    padding: 5rem 10rem;
  }
}

@media (min-width:1440px) {
  .c0 {
    padding: 5rem 16rem;
  }
}

<div>
  <div
    class="c0"
  >
    <div
      class="c1"
    >
      <input
        class="c2"
        name="searchByCity"
        placeholder="search city..."
        type="text"
      />
      <ul
        class="c3"
      />
    </div>
  </div>
</div>
`;
